---
source: homotopy-core/tests/diagram.rs
expression: "examples::associator().1.target()"

---
DiagramN {
    source: DiagramN {
        source: Diagram0(
            0:0,
        ),
        cospans: [
            Cospan {
                forward: Rewrite0(
                    0:0,
                    1:1,
                    Some(
                        (
                            1:1,
                            [
                                [
                                    Regular(
                                        0,
                                    ),
                                ],
                                [
                                    Singular(
                                        0,
                                    ),
                                ],
                            ],
                        ),
                    ),
                ),
                backward: Rewrite0(
                    0:0,
                    1:1,
                    Some(
                        (
                            1:1,
                            [
                                [
                                    Regular(
                                        1,
                                    ),
                                ],
                                [
                                    Singular(
                                        0,
                                    ),
                                ],
                            ],
                        ),
                    ),
                ),
            },
            Cospan {
                forward: Rewrite0(
                    0:0,
                    1:1,
                    Some(
                        (
                            1:1,
                            [
                                [
                                    Regular(
                                        0,
                                    ),
                                ],
                                [
                                    Singular(
                                        0,
                                    ),
                                ],
                            ],
                        ),
                    ),
                ),
                backward: Rewrite0(
                    0:0,
                    1:1,
                    Some(
                        (
                            1:1,
                            [
                                [
                                    Regular(
                                        1,
                                    ),
                                ],
                                [
                                    Singular(
                                        0,
                                    ),
                                ],
                            ],
                        ),
                    ),
                ),
            },
            Cospan {
                forward: Rewrite0(
                    0:0,
                    1:1,
                    Some(
                        (
                            1:1,
                            [
                                [
                                    Regular(
                                        0,
                                    ),
                                ],
                                [
                                    Singular(
                                        0,
                                    ),
                                ],
                            ],
                        ),
                    ),
                ),
                backward: Rewrite0(
                    0:0,
                    1:1,
                    Some(
                        (
                            1:1,
                            [
                                [
                                    Regular(
                                        1,
                                    ),
                                ],
                                [
                                    Singular(
                                        0,
                                    ),
                                ],
                            ],
                        ),
                    ),
                ),
            },
        ],
    },
    cospans: [
        Cospan {
            forward: RewriteN {
                dimension: 1,
                cones: [
                    Cone {
                        index: 1,
                        internal: ConeInternal {
                            source: [
                                Cospan {
                                    forward: Rewrite0(
                                        0:0,
                                        1:1,
                                        Some(
                                            (
                                                1:1,
                                                [
                                                    [
                                                        Regular(
                                                            0,
                                                        ),
                                                    ],
                                                    [
                                                        Singular(
                                                            0,
                                                        ),
                                                    ],
                                                ],
                                            ),
                                        ),
                                    ),
                                    backward: Rewrite0(
                                        0:0,
                                        1:1,
                                        Some(
                                            (
                                                1:1,
                                                [
                                                    [
                                                        Regular(
                                                            1,
                                                        ),
                                                    ],
                                                    [
                                                        Singular(
                                                            0,
                                                        ),
                                                    ],
                                                ],
                                            ),
                                        ),
                                    ),
                                },
                                Cospan {
                                    forward: Rewrite0(
                                        0:0,
                                        1:1,
                                        Some(
                                            (
                                                1:1,
                                                [
                                                    [
                                                        Regular(
                                                            0,
                                                        ),
                                                    ],
                                                    [
                                                        Singular(
                                                            0,
                                                        ),
                                                    ],
                                                ],
                                            ),
                                        ),
                                    ),
                                    backward: Rewrite0(
                                        0:0,
                                        1:1,
                                        Some(
                                            (
                                                1:1,
                                                [
                                                    [
                                                        Regular(
                                                            1,
                                                        ),
                                                    ],
                                                    [
                                                        Singular(
                                                            0,
                                                        ),
                                                    ],
                                                ],
                                            ),
                                        ),
                                    ),
                                },
                            ],
                            target: Cospan {
                                forward: Rewrite0(
                                    0:0,
                                    2:2,
                                    Some(
                                        (
                                            2:2,
                                            [
                                                [
                                                    Regular(
                                                        0,
                                                    ),
                                                ],
                                                [
                                                    Singular(
                                                        0,
                                                    ),
                                                ],
                                            ],
                                        ),
                                    ),
                                ),
                                backward: Rewrite0(
                                    0:0,
                                    2:2,
                                    Some(
                                        (
                                            2:2,
                                            [
                                                [
                                                    Regular(
                                                        1,
                                                    ),
                                                ],
                                                [
                                                    Singular(
                                                        0,
                                                    ),
                                                ],
                                            ],
                                        ),
                                    ),
                                ),
                            },
                            slices: [
                                Rewrite0(
                                    1:1,
                                    2:2,
                                    Some(
                                        (
                                            2:2,
                                            [
                                                [
                                                    Regular(
                                                        0,
                                                    ),
                                                ],
                                                [
                                                    Singular(
                                                        0,
                                                    ),
                                                ],
                                            ],
                                        ),
                                    ),
                                ),
                                Rewrite0(
                                    1:1,
                                    2:2,
                                    Some(
                                        (
                                            2:2,
                                            [
                                                [
                                                    Regular(
                                                        0,
                                                    ),
                                                ],
                                                [
                                                    Singular(
                                                        0,
                                                    ),
                                                ],
                                            ],
                                        ),
                                    ),
                                ),
                            ],
                        },
                    },
                ],
            },
            backward: RewriteN {
                dimension: 1,
                cones: [
                    Cone {
                        index: 1,
                        internal: ConeInternal {
                            source: [
                                Cospan {
                                    forward: Rewrite0(
                                        0:0,
                                        1:1,
                                        Some(
                                            (
                                                1:1,
                                                [
                                                    [
                                                        Regular(
                                                            0,
                                                        ),
                                                    ],
                                                    [
                                                        Singular(
                                                            0,
                                                        ),
                                                    ],
                                                ],
                                            ),
                                        ),
                                    ),
                                    backward: Rewrite0(
                                        0:0,
                                        1:1,
                                        Some(
                                            (
                                                1:1,
                                                [
                                                    [
                                                        Regular(
                                                            1,
                                                        ),
                                                    ],
                                                    [
                                                        Singular(
                                                            0,
                                                        ),
                                                    ],
                                                ],
                                            ),
                                        ),
                                    ),
                                },
                            ],
                            target: Cospan {
                                forward: Rewrite0(
                                    0:0,
                                    2:2,
                                    Some(
                                        (
                                            2:2,
                                            [
                                                [
                                                    Regular(
                                                        0,
                                                    ),
                                                ],
                                                [
                                                    Singular(
                                                        0,
                                                    ),
                                                ],
                                            ],
                                        ),
                                    ),
                                ),
                                backward: Rewrite0(
                                    0:0,
                                    2:2,
                                    Some(
                                        (
                                            2:2,
                                            [
                                                [
                                                    Regular(
                                                        1,
                                                    ),
                                                ],
                                                [
                                                    Singular(
                                                        0,
                                                    ),
                                                ],
                                            ],
                                        ),
                                    ),
                                ),
                            },
                            slices: [
                                Rewrite0(
                                    1:1,
                                    2:2,
                                    Some(
                                        (
                                            2:2,
                                            [
                                                [
                                                    Regular(
                                                        1,
                                                    ),
                                                ],
                                                [
                                                    Singular(
                                                        0,
                                                    ),
                                                ],
                                            ],
                                        ),
                                    ),
                                ),
                            ],
                        },
                    },
                ],
            },
        },
        Cospan {
            forward: RewriteN {
                dimension: 1,
                cones: [
                    Cone {
                        index: 0,
                        internal: ConeInternal {
                            source: [
                                Cospan {
                                    forward: Rewrite0(
                                        0:0,
                                        1:1,
                                        Some(
                                            (
                                                1:1,
                                                [
                                                    [
                                                        Regular(
                                                            0,
                                                        ),
                                                    ],
                                                    [
                                                        Singular(
                                                            0,
                                                        ),
                                                    ],
                                                ],
                                            ),
                                        ),
                                    ),
                                    backward: Rewrite0(
                                        0:0,
                                        1:1,
                                        Some(
                                            (
                                                1:1,
                                                [
                                                    [
                                                        Regular(
                                                            1,
                                                        ),
                                                    ],
                                                    [
                                                        Singular(
                                                            0,
                                                        ),
                                                    ],
                                                ],
                                            ),
                                        ),
                                    ),
                                },
                                Cospan {
                                    forward: Rewrite0(
                                        0:0,
                                        1:1,
                                        Some(
                                            (
                                                1:1,
                                                [
                                                    [
                                                        Regular(
                                                            0,
                                                        ),
                                                    ],
                                                    [
                                                        Singular(
                                                            0,
                                                        ),
                                                    ],
                                                ],
                                            ),
                                        ),
                                    ),
                                    backward: Rewrite0(
                                        0:0,
                                        1:1,
                                        Some(
                                            (
                                                1:1,
                                                [
                                                    [
                                                        Regular(
                                                            1,
                                                        ),
                                                    ],
                                                    [
                                                        Singular(
                                                            0,
                                                        ),
                                                    ],
                                                ],
                                            ),
                                        ),
                                    ),
                                },
                            ],
                            target: Cospan {
                                forward: Rewrite0(
                                    0:0,
                                    2:2,
                                    Some(
                                        (
                                            2:2,
                                            [
                                                [
                                                    Regular(
                                                        0,
                                                    ),
                                                ],
                                                [
                                                    Singular(
                                                        0,
                                                    ),
                                                ],
                                            ],
                                        ),
                                    ),
                                ),
                                backward: Rewrite0(
                                    0:0,
                                    2:2,
                                    Some(
                                        (
                                            2:2,
                                            [
                                                [
                                                    Regular(
                                                        1,
                                                    ),
                                                ],
                                                [
                                                    Singular(
                                                        0,
                                                    ),
                                                ],
                                            ],
                                        ),
                                    ),
                                ),
                            },
                            slices: [
                                Rewrite0(
                                    1:1,
                                    2:2,
                                    Some(
                                        (
                                            2:2,
                                            [
                                                [
                                                    Regular(
                                                        0,
                                                    ),
                                                ],
                                                [
                                                    Singular(
                                                        0,
                                                    ),
                                                ],
                                            ],
                                        ),
                                    ),
                                ),
                                Rewrite0(
                                    1:1,
                                    2:2,
                                    Some(
                                        (
                                            2:2,
                                            [
                                                [
                                                    Regular(
                                                        0,
                                                    ),
                                                ],
                                                [
                                                    Singular(
                                                        0,
                                                    ),
                                                ],
                                            ],
                                        ),
                                    ),
                                ),
                            ],
                        },
                    },
                ],
            },
            backward: RewriteN {
                dimension: 1,
                cones: [
                    Cone {
                        index: 0,
                        internal: ConeInternal {
                            source: [
                                Cospan {
                                    forward: Rewrite0(
                                        0:0,
                                        1:1,
                                        Some(
                                            (
                                                1:1,
                                                [
                                                    [
                                                        Regular(
                                                            0,
                                                        ),
                                                    ],
                                                    [
                                                        Singular(
                                                            0,
                                                        ),
                                                    ],
                                                ],
                                            ),
                                        ),
                                    ),
                                    backward: Rewrite0(
                                        0:0,
                                        1:1,
                                        Some(
                                            (
                                                1:1,
                                                [
                                                    [
                                                        Regular(
                                                            1,
                                                        ),
                                                    ],
                                                    [
                                                        Singular(
                                                            0,
                                                        ),
                                                    ],
                                                ],
                                            ),
                                        ),
                                    ),
                                },
                            ],
                            target: Cospan {
                                forward: Rewrite0(
                                    0:0,
                                    2:2,
                                    Some(
                                        (
                                            2:2,
                                            [
                                                [
                                                    Regular(
                                                        0,
                                                    ),
                                                ],
                                                [
                                                    Singular(
                                                        0,
                                                    ),
                                                ],
                                            ],
                                        ),
                                    ),
                                ),
                                backward: Rewrite0(
                                    0:0,
                                    2:2,
                                    Some(
                                        (
                                            2:2,
                                            [
                                                [
                                                    Regular(
                                                        1,
                                                    ),
                                                ],
                                                [
                                                    Singular(
                                                        0,
                                                    ),
                                                ],
                                            ],
                                        ),
                                    ),
                                ),
                            },
                            slices: [
                                Rewrite0(
                                    1:1,
                                    2:2,
                                    Some(
                                        (
                                            2:2,
                                            [
                                                [
                                                    Regular(
                                                        1,
                                                    ),
                                                ],
                                                [
                                                    Singular(
                                                        0,
                                                    ),
                                                ],
                                            ],
                                        ),
                                    ),
                                ),
                            ],
                        },
                    },
                ],
            },
        },
    ],
}
